[shop.conexall.com/index.html]
[www.googletagmanager.com/gtag/js68f8]
[backblue.gif]
[fade.gif]
[index.html]
[shop.conexall.com/oc-content/themes/bender/favicon/favicon-48.png]
[shop.conexall.com/oc-content/themes/bender/favicon/favicon-144.png]
[shop.conexall.com/oc-content/themes/bender/favicon/favicon-114.png]
[shop.conexall.com/oc-content/themes/bender/favicon/favicon-72.png]
[shop.conexall.com/oc-content/themes/bender/favicon/favicon-57.png]
[shop.conexall.com/oc-content/themes/bender/js/jquery-ui/jquery-ui-1.10.2.custom.min.css]
[shop.conexall.com/index-2.html]
[shop.conexall.com/oc-content/themes/bender/css/main.css]
[shop.conexall.com/oc-includes/assets/jquery/jquery.min.js]
[shop.conexall.com/oc-content/themes/bender/js/fancybox/js/jquery.fancybox.min.js]
[shop.conexall.com/oc-includes/assets/osclass-legacy/js/date.js]
[shop.conexall.com/oc-includes/assets/osclass-legacy/js/fineuploader/jquery.fineuploader.min.js]
[shop.conexall.com/oc-includes/assets/jquery-ui/jquery-ui.min.js]
[shop.conexall.com/oc-content/themes/bender/js/global.js]
[shop.conexall.com/oc-content/themes/bender/js/fancybox/css/jquery.fancybox.min.css]
[shop.conexall.com/oc-content/themes/bender/css/font-awesome-4.1.0/css/font-awesome.min.css]
[shop.conexall.com/oc-includes/assets/osclass-legacy/js/fineuploader/fineuploader.css]
[shop.conexall.com/oc-content/themes/bender/css/ajax-uploader.css]
[shop.conexall.com/index6f31.html]
[shop.conexall.com/index6eb1.html]
[shop.conexall.com/indexc438.html]
[shop.conexall.com/indexdcd6.html]
[shop.conexall.com/index2c94.html]
[shop.conexall.com/index6d55.html]
[shop.conexall.com/index59b1.html]
[shop.conexall.com/indexaf73.html]
[shop.conexall.com/oc-content/uploads/1/448_thumbnail.jpg]
[shop.conexall.com/index01aa.html]
[shop.conexall.com/oc-content/uploads/1/444_thumbnail.jpg]
[shop.conexall.com/index6712.html]
[shop.conexall.com/oc-content/uploads/1/438_thumbnail.jpg]
[shop.conexall.com/oc-content/uploads/1/283_thumbnail.jpg]
[shop.conexall.com/index80cd.html]
[shop.conexall.com/index3ae4.html]
[shop.conexall.com/oc-content/uploads/1/435_thumbnail.jpg]
[shop.conexall.com/index0266.html]
[shop.conexall.com/oc-content/uploads/0/14_thumbnail.jpg]
[shop.conexall.com/indexa83b.html]
[shop.conexall.com/oc-content/uploads/0/21_thumbnail.jpg]
[shop.conexall.com/index7af8.html]
[shop.conexall.com/oc-content/uploads/1/431_thumbnail.jpg]
[shop.conexall.com/index8575.html]
[shop.conexall.com/oc-content/uploads/0/26_thumbnail.jpg]
[shop.conexall.com/index86a0.html]
[shop.conexall.com/oc-content/uploads/1/428_thumbnail.jpg]
[shop.conexall.com/indexe54f.html]
[shop.conexall.com/oc-content/uploads/1/424_thumbnail.jpg]
[shop.conexall.com/index93c3.html]
[shop.conexall.com/oc-content/uploads/0/148_thumbnail.jpg]
[shop.conexall.com/index62e6.html]
[shop.conexall.com/oc-content/uploads/1/416_thumbnail.jpg]
[shop.conexall.com/index78ac.html]
[shop.conexall.com/oc-content/uploads/1/415_thumbnail.jpg]
[shop.conexall.com/indexc7e6.html]
[shop.conexall.com/oc-content/uploads/1/413_thumbnail.jpg]
[shop.conexall.com/indexed51.html]
[shop.conexall.com/oc-content/uploads/1/411_thumbnail.jpg]
[shop.conexall.com/indexb759.html]
[shop.conexall.com/oc-content/uploads/1/409_thumbnail.jpg]
[shop.conexall.com/index5d1f.html]
[shop.conexall.com/oc-content/uploads/1/401_thumbnail.jpg]
[shop.conexall.com/index4b32.html]
[shop.conexall.com/oc-content/uploads/1/399_thumbnail.jpg]
[shop.conexall.com/indexe448.html]
[shop.conexall.com/oc-content/uploads/1/397_thumbnail.jpg]
[shop.conexall.com/index.html]
[shop.conexall.com/indexdae0.html]
[shop.conexall.com/oc-content/themes/bender/js/jquery-ui/images/animated-overlay.gif]
[shop.conexall.com/oc-content/themes/bender/js/jquery-ui/images/ui-bg_inset-hard_100_fcfdfd_1x100.png]
[shop.conexall.com/oc-content/themes/bender/js/jquery-ui/images/ui-bg_flat_75_35c3d9_40x100.png]
[shop.conexall.com/oc-content/themes/bender/js/jquery-ui/images/ui-bg_flat_100_27b5cb_40x100.png]
[shop.conexall.com/oc-content/themes/bender/js/jquery-ui/images/ui-bg_glass_75_79c9ec_1x400.png]
[shop.conexall.com/oc-content/themes/bender/js/jquery-ui/images/ui-bg_flat_50_ffffff_40x100.png]
[shop.conexall.com/oc-content/themes/bender/js/jquery-ui/images/ui-bg_glass_55_f8da4e_1x400.png]
[shop.conexall.com/oc-content/themes/bender/js/jquery-ui/images/ui-bg_gloss-wave_45_e14f1c_500x100.png]
[shop.conexall.com/oc-content/themes/bender/js/jquery-ui/images/ui-icons_0078ae_256x240.png]
[shop.conexall.com/oc-content/themes/bender/js/jquery-ui/images/ui-icons_d8e7f3_256x240.png]
[shop.conexall.com/oc-content/themes/bender/js/jquery-ui/images/ui-icons_e0fdff_256x240.png]
[shop.conexall.com/oc-content/themes/bender/js/jquery-ui/images/ui-icons_056b93_256x240.png]
[shop.conexall.com/oc-content/themes/bender/js/jquery-ui/images/ui-icons_f5e175_256x240.png]
[shop.conexall.com/oc-content/themes/bender/js/jquery-ui/images/ui-icons_f7a50d_256x240.png]
[shop.conexall.com/oc-content/themes/bender/js/jquery-ui/images/ui-icons_fcd113_256x240.png]
[shop.conexall.com/oc-content/themes/bender/js/jquery-ui/images/ui-bg_flat_75_aaaaaa_40x100.png]
[shop.conexall.com/oc-content/themes/bender/js/jquery-ui/images/ui-bg_flat_55_999999_40x100.png]
[shop.conexall.com/oc-content/themes/bender/js/jquery-ui/jquery-ui-1.10.2.custom.min.css]
[shop.conexall.com/index-2.html]
[shop.conexall.com/oc-content/themes/bender/images/icons.png]
[shop.conexall.com/oc-content/themes/bender/fonts/osclass-regular.woff]
[shop.conexall.com/oc-content/themes/bender/fonts/osclass-extra-light.woff]
[shop.conexall.com/oc-content/themes/bender/fonts/icons.eot]
[shop.conexall.com/oc-content/themes/bender/fonts/iconsd41d.eot]
[shop.conexall.com/oc-content/themes/bender/fonts/icons.woff]
[shop.conexall.com/oc-content/themes/bender/fonts/icons.ttf]
[shop.conexall.com/oc-content/themes/bender/fonts/icons.svg]
[shop.conexall.com/oc-content/themes/bender/images/comments_quotes.gif]
[shop.conexall.com/oc-content/themes/bender/css/main.css]
[shop.conexall.com/oc-content/themes/bender/js/fancybox/images/fancybox/fancybox_sprite.png]
[shop.conexall.com/oc-content/themes/bender/js/fancybox/images/fancybox/fancybox_loading.gif]
[shop.conexall.com/oc-content/themes/bender/js/fancybox/images/fancybox/blank.gif]
[shop.conexall.com/oc-content/themes/bender/js/fancybox/images/fancybox/fancybox_overlay.png]
[shop.conexall.com/oc-content/themes/bender/js/fancybox/images/fancybox/fancybox_sprite@2x.png]
[shop.conexall.com/oc-content/themes/bender/js/fancybox/images/fancybox/fancybox_loading@2x.gif]
[shop.conexall.com/oc-content/themes/bender/js/fancybox/images/fancybox/fancybox_buttons.png]
[shop.conexall.com/oc-content/themes/bender/js/fancybox/css/jquery.fancybox.min.css]
[shop.conexall.com/oc-content/themes/bender/css/font-awesome-4.1.0/fonts/fontawesome-webfont862f.eot]
[shop.conexall.com/oc-content/themes/bender/css/font-awesome-4.1.0/fonts/fontawesome-webfontd41d.eot]
[shop.conexall.com/oc-content/themes/bender/css/font-awesome-4.1.0/fonts/fontawesome-webfont862f.woff]
[shop.conexall.com/oc-content/themes/bender/css/font-awesome-4.1.0/css/font-awesome.min.css]
[shop.conexall.com/oc-content/themes/bender/css/font-awesome-4.1.0/fonts/fontawesome-webfont862f.ttf]
[shop.conexall.com/oc-includes/assets/osclass-legacy/js/fineuploader/loading.gif]
[shop.conexall.com/oc-content/themes/bender/css/font-awesome-4.1.0/fonts/fontawesome-webfont862f.svg]
[shop.conexall.com/oc-includes/assets/osclass-legacy/js/fineuploader/processing.gif]
[shop.conexall.com/oc-includes/assets/osclass-legacy/js/fineuploader/edit.gif]
[shop.conexall.com/oc-includes/assets/osclass-legacy/js/fineuploader/fineuploader.css]
[shop.conexall.com/oc-content/themes/bender/css/ajax-uploader.css]
[shop.conexall.com/index6f31.html]
[shop.conexall.com/index6eb1.html]
[shop.conexall.com/indexc438.html]
[shop.conexall.com/indexdcd6.html]
[shop.conexall.com/index2c94.html]
[shop.conexall.com/index6d55.html]
[shop.conexall.com/index59b1.html]
[shop.conexall.com/oc-includes/assets/jquery-validation/jquery.validate.min.js]
[shop.conexall.com/oc-content/uploads/1/448.jpg]
[shop.conexall.com/oc-content/uploads/1/449.jpg]
[shop.conexall.com/oc-content/uploads/1/449_thumbnail.jpg]
[shop.conexall.com/oc-content/uploads/1/450.jpg]
[shop.conexall.com/oc-content/uploads/1/450_thumbnail.jpg]
[shop.conexall.com/oc-content/uploads/1/451.jpg]
[shop.conexall.com/oc-content/uploads/1/451_thumbnail.jpg]
[shop.conexall.com/oc-content/uploads/1/452.jpg]
[shop.conexall.com/oc-content/uploads/1/452_thumbnail.jpg]
[shop.conexall.com/indexaf73.html]
[shop.conexall.com/index8ab1.html]
[shop.conexall.com/oc-content/uploads/1/444.jpg]
[shop.conexall.com/oc-content/uploads/1/445.jpg]
[shop.conexall.com/oc-content/uploads/1/445_thumbnail.jpg]
[shop.conexall.com/oc-content/uploads/1/446.jpg]
[shop.conexall.com/oc-content/uploads/1/446_thumbnail.jpg]
[shop.conexall.com/oc-content/uploads/1/447.jpg]
[shop.conexall.com/oc-content/uploads/1/447_thumbnail.jpg]
[shop.conexall.com/index01aa.html]
[shop.conexall.com/oc-content/uploads/1/438.jpg]
[shop.conexall.com/oc-content/uploads/1/439.jpg]
[shop.conexall.com/oc-content/uploads/1/439_thumbnail.jpg]
[shop.conexall.com/oc-content/uploads/1/440.jpg]
[shop.conexall.com/oc-content/uploads/1/440_thumbnail.jpg]
[shop.conexall.com/oc-content/uploads/1/441.jpg]
[shop.conexall.com/oc-content/uploads/1/441_thumbnail.jpg]
[shop.conexall.com/oc-content/uploads/1/442.jpg]
[shop.conexall.com/oc-content/uploads/1/442_thumbnail.jpg]
[shop.conexall.com/oc-content/uploads/1/443.jpg]
[shop.conexall.com/oc-content/uploads/1/443_thumbnail.jpg]
[shop.conexall.com/index6712.html]
[shop.conexall.com/oc-content/uploads/1/283.jpg]
[shop.conexall.com/oc-content/uploads/1/284.jpg]
[shop.conexall.com/oc-content/uploads/1/284_thumbnail.jpg]
[shop.conexall.com/oc-content/uploads/1/285.jpg]
[shop.conexall.com/oc-content/uploads/1/285_thumbnail.jpg]
[shop.conexall.com/oc-content/uploads/1/286.jpg]
[shop.conexall.com/oc-content/uploads/1/286_thumbnail.jpg]
[shop.conexall.com/index80cd.html]
[shop.conexall.com/oc-content/uploads/1/435.jpg]
[shop.conexall.com/oc-content/uploads/1/436.jpg]
[shop.conexall.com/oc-content/uploads/1/436_thumbnail.jpg]
[shop.conexall.com/oc-content/uploads/1/437.jpg]
[shop.conexall.com/oc-content/uploads/1/437_thumbnail.jpg]
[shop.conexall.com/index3ae4.html]
[shop.conexall.com/oc-content/uploads/0/14.jpg]
[shop.conexall.com/oc-content/uploads/0/15.jpg]
[shop.conexall.com/oc-content/uploads/0/15_thumbnail.jpg]
[shop.conexall.com/oc-content/uploads/0/16.jpg]
[shop.conexall.com/oc-content/uploads/0/16_thumbnail.jpg]
[shop.conexall.com/index0266.html]
[shop.conexall.com/oc-content/uploads/0/21.jpg]
[shop.conexall.com/oc-content/uploads/0/82.jpg]
[shop.conexall.com/oc-content/uploads/0/82_thumbnail.jpg]
[shop.conexall.com/oc-content/uploads/0/83.jpg]
[shop.conexall.com/oc-content/uploads/0/83_thumbnail.jpg]
[shop.conexall.com/indexa83b.html]
[shop.conexall.com/oc-content/uploads/1/431.jpg]
[shop.conexall.com/oc-content/uploads/1/432.jpg]
[shop.conexall.com/oc-content/uploads/1/432_thumbnail.jpg]
[shop.conexall.com/oc-content/uploads/1/433.jpg]
[shop.conexall.com/oc-content/uploads/1/433_thumbnail.jpg]
[shop.conexall.com/oc-content/uploads/1/434.jpg]
[shop.conexall.com/oc-content/uploads/1/434_thumbnail.jpg]
[shop.conexall.com/index7af8.html]
[shop.conexall.com/oc-content/uploads/0/26.jpg]
[shop.conexall.com/index8575.html]
[shop.conexall.com/oc-content/uploads/1/428.jpg]
[shop.conexall.com/oc-content/uploads/1/429.jpg]
[shop.conexall.com/oc-content/uploads/1/429_thumbnail.jpg]
[shop.conexall.com/oc-content/uploads/1/430.jpg]
[shop.conexall.com/oc-content/uploads/1/430_thumbnail.jpg]
[shop.conexall.com/index86a0.html]
[shop.conexall.com/oc-content/uploads/1/424.jpg]
[shop.conexall.com/oc-content/uploads/1/425.jpg]
[shop.conexall.com/oc-content/uploads/1/425_thumbnail.jpg]
[shop.conexall.com/oc-content/uploads/1/426.jpg]
[shop.conexall.com/oc-content/uploads/1/426_thumbnail.jpg]
[shop.conexall.com/oc-content/uploads/1/427.jpg]
[shop.conexall.com/oc-content/uploads/1/427_thumbnail.jpg]
[shop.conexall.com/indexe54f.html]
[shop.conexall.com/oc-content/uploads/0/148.jpg]
[shop.conexall.com/oc-content/uploads/0/149.jpg]
[shop.conexall.com/oc-content/uploads/0/149_thumbnail.jpg]
[shop.conexall.com/oc-content/uploads/0/421.jpg]
[shop.conexall.com/oc-content/uploads/0/421_thumbnail.jpg]
[shop.conexall.com/oc-content/uploads/0/422.jpg]
[shop.conexall.com/oc-content/uploads/0/422_thumbnail.jpg]
[shop.conexall.com/oc-content/uploads/0/423.jpg]
[shop.conexall.com/oc-content/uploads/0/423_thumbnail.jpg]
[shop.conexall.com/index93c3.html]
[shop.conexall.com/oc-content/uploads/1/416.jpg]
[shop.conexall.com/oc-content/uploads/1/417.jpg]
[shop.conexall.com/oc-content/uploads/1/417_thumbnail.jpg]
[shop.conexall.com/oc-content/uploads/1/418.jpg]
[shop.conexall.com/oc-content/uploads/1/418_thumbnail.jpg]
[shop.conexall.com/oc-content/uploads/1/419.jpg]
[shop.conexall.com/oc-content/uploads/1/419_thumbnail.jpg]
[shop.conexall.com/oc-content/uploads/1/420.jpg]
[shop.conexall.com/oc-content/uploads/1/420_thumbnail.jpg]
[shop.conexall.com/index62e6.html]
[shop.conexall.com/oc-content/uploads/1/415.jpg]
[shop.conexall.com/index78ac.html]
[shop.conexall.com/oc-content/uploads/1/413.jpg]
[shop.conexall.com/oc-content/uploads/1/414.jpg]
[shop.conexall.com/oc-content/uploads/1/414_thumbnail.jpg]
[shop.conexall.com/indexc7e6.html]
[shop.conexall.com/oc-content/uploads/1/411.jpg]
[shop.conexall.com/oc-content/uploads/1/412.jpg]
[shop.conexall.com/oc-content/uploads/1/412_thumbnail.jpg]
[shop.conexall.com/indexed51.html]
[shop.conexall.com/oc-content/uploads/1/409.jpg]
[shop.conexall.com/oc-content/uploads/1/410.jpg]
[shop.conexall.com/oc-content/uploads/1/410_thumbnail.jpg]
[shop.conexall.com/indexb759.html]
[shop.conexall.com/oc-content/uploads/1/401.jpg]
[shop.conexall.com/oc-content/uploads/1/402.jpg]
[shop.conexall.com/oc-content/uploads/1/402_thumbnail.jpg]
[shop.conexall.com/index5d1f.html]
[shop.conexall.com/indexe4f6.html]
[shop.conexall.com/oc-content/uploads/1/399.jpg]
[shop.conexall.com/oc-content/uploads/1/400.jpg]
[shop.conexall.com/oc-content/uploads/1/400_thumbnail.jpg]
[shop.conexall.com/index4b32.html]
[shop.conexall.com/oc-content/uploads/1/397.jpg]
[shop.conexall.com/oc-content/uploads/1/398.jpg]
[shop.conexall.com/oc-content/uploads/1/398_thumbnail.jpg]
[shop.conexall.com/indexe448.html]
[shop.conexall.com/indexdae0.html]
[shop.conexall.com/oc-content/themes/bender/fonts/icons.svg]
[shop.conexall.com/oc-content/themes/bender/css/font-awesome-4.1.0/fonts/fontawesome-webfont862f.svg]
[i0.wp.com/shop.conexall.com/oc-content/themes/bender/images/user_defaulteb45.gif]
[shop.conexall.com/index1b9f.html]
[shop.conexall.com/index85b5.html]
[shop.conexall.com/index8ab1.html]
[shop.conexall.com/index03c0.html]
[shop.conexall.com/indexe8fb.html]
[shop.conexall.com/oc-content/uploads/1/394_thumbnail.jpg]
[shop.conexall.com/index0f0a.html]
[shop.conexall.com/oc-content/uploads/1/389_thumbnail.jpg]
[shop.conexall.com/index2b60.html]
[shop.conexall.com/oc-content/uploads/1/332_thumbnail.jpg]
[shop.conexall.com/indexc48c.html]
[shop.conexall.com/oc-content/uploads/1/331_thumbnail.jpg]
[shop.conexall.com/index6946.html]
[shop.conexall.com/oc-content/uploads/1/330_thumbnail.jpg]
[shop.conexall.com/index62b5.html]
[shop.conexall.com/oc-content/uploads/1/329_thumbnail.jpg]
[shop.conexall.com/indexc6f0.html]
[shop.conexall.com/oc-content/uploads/1/328_thumbnail.jpg]
[shop.conexall.com/index8a2b.html]
[shop.conexall.com/indexe4f6.html]
[shop.conexall.com/index1b9f.html]
[shop.conexall.com/index85b5.html]
[shop.conexall.com/index03c0.html]
[shop.conexall.com/index853c.html]
[shop.conexall.com/oc-content/uploads/1/394.jpg]
[shop.conexall.com/oc-content/uploads/1/395.jpg]
[shop.conexall.com/oc-content/uploads/1/395_thumbnail.jpg]
[shop.conexall.com/oc-content/uploads/1/396.jpg]
[shop.conexall.com/oc-content/uploads/1/396_thumbnail.jpg]
[shop.conexall.com/indexe8fb.html]
[shop.conexall.com/oc-content/uploads/1/389.jpg]
[shop.conexall.com/oc-content/uploads/1/390.jpg]
[shop.conexall.com/oc-content/uploads/1/390_thumbnail.jpg]
[shop.conexall.com/oc-content/uploads/1/391.jpg]
[shop.conexall.com/oc-content/uploads/1/391_thumbnail.jpg]
[shop.conexall.com/oc-content/uploads/1/392.jpg]
[shop.conexall.com/oc-content/uploads/1/392_thumbnail.jpg]
[shop.conexall.com/index0f0a.html]
[shop.conexall.com/oc-content/uploads/1/332.jpg]
[shop.conexall.com/index2b60.html]
[shop.conexall.com/oc-content/uploads/1/331.jpg]
[shop.conexall.com/indexc48c.html]
[shop.conexall.com/oc-content/uploads/1/330.jpg]
[shop.conexall.com/index6946.html]
[shop.conexall.com/oc-content/uploads/1/329.jpg]
[shop.conexall.com/index62b5.html]
[shop.conexall.com/oc-content/uploads/1/328.jpg]
[shop.conexall.com/indexc6f0.html]
[shop.conexall.com/index8a2b.html]
[shop.conexall.com/index853c.html]
